[0m11:39:04.671143 [debug] [MainThread]: Sending event: {'category': 'dbt', 'action': 'invocation', 'label': 'start', 'context': [<snowplow_tracker.self_describing_json.SelfDescribingJson object at 0x7efd1c453b60>, <snowplow_tracker.self_describing_json.SelfDescribingJson object at 0x7efd1df58050>, <snowplow_tracker.self_describing_json.SelfDescribingJson object at 0x7efd1b34b9d0>]}


============================== 11:39:04.734274 | 2c398d83-3869-4e9e-8d6b-d59ba32747a1 ==============================
[0m11:39:04.734274 [info ] [MainThread]: Running with dbt=1.11.7
[0m11:39:04.736494 [debug] [MainThread]: running dbt with arguments {'write_json': 'True', 'version_check': 'True', 'warn_error_options': 'WarnErrorOptionsV2(error=[], warn=[], silence=[])', 'target_path': 'None', 'debug': 'False', 'fail_fast': 'False', 'use_experimental_parser': 'False', 'cache_selected_only': 'False', 'static_parser': 'True', 'indirect_selection': 'eager', 'send_anonymous_usage_stats': 'True', 'log_format': 'default', 'printer_width': '80', 'log_path': 'logs', 'introspect': 'True', 'empty': 'None', 'log_cache_events': 'False', 'profiles_dir': '/home/vscode/.dbt', 'warn_error': 'None', 'quiet': 'False', 'invocation_command': 'dbt init --skip-profile-setup airbnb', 'use_colors': 'True', 'no_print': 'None', 'partial_parse': 'True'}
[0m11:39:04.857704 [info ] [MainThread]: Creating dbt configuration folder at /home/vscode/.dbt
[0m11:39:04.936103 [debug] [MainThread]: Starter project path: /opt/venv/lib/python3.13/site-packages/dbt/include/starter_project
[0m11:39:04.944839 [info ] [MainThread]: 
Your new dbt project "airbnb" was created!

For more information on how to configure the profiles.yml file,
please consult the dbt documentation here:

  https://docs.getdbt.com/docs/configure-your-profile

One more thing:

Need help? Don't hesitate to reach out to us via GitHub issues or on Slack:

  https://community.getdbt.com/

Happy modeling!

[0m11:39:04.946305 [debug] [MainThread]: Resource report: {"command_name": "init", "command_success": true, "command_wall_clock_time": 0.3652095, "process_in_blocks": "105008", "process_kernel_time": 0.403654, "process_mem_max_rss": "105192", "process_out_blocks": "744", "process_user_time": 1.887037}
[0m11:39:04.946919 [debug] [MainThread]: Command `dbt init` succeeded at 11:39:04.946797 after 0.37 seconds
[0m11:39:04.947597 [debug] [MainThread]: Sending event: {'category': 'dbt', 'action': 'invocation', 'label': 'end', 'context': [<snowplow_tracker.self_describing_json.SelfDescribingJson object at 0x7efd1b24c180>, <snowplow_tracker.self_describing_json.SelfDescribingJson object at 0x7efd1b1ba450>, <snowplow_tracker.self_describing_json.SelfDescribingJson object at 0x7efd1b2c4380>]}
[0m11:39:04.948260 [debug] [MainThread]: Flushing usage events
[0m11:39:05.844595 [debug] [MainThread]: An error was encountered while trying to flush usage events
